
> @edulynx/ui-primitives@1.0.0 build /Users/derahmanyelo/Documents/GitHub/EduLynx/packages/ui-primitives
> tsup

[34mCLI[39m Building entry: src/index.ts
[34mCLI[39m Using tsconfig: tsconfig.json
[34mCLI[39m tsup v7.3.0
[34mCLI[39m Using tsup config: /Users/derahmanyelo/Documents/GitHub/EduLynx/packages/ui-primitives/tsup.config.ts
[34mCLI[39m Target: node16
[34mCLI[39m Cleaning output folder
[34mCJS[39m Build start
[34mESM[39m Build start
[32mESM[39m [1mdist/index.mjs     [22m[32m4.44 KB[39m
[32mESM[39m [1mdist/index.mjs.map [22m[32m7.93 KB[39m
[32mESM[39m ⚡️ Build success in 28ms
[32mCJS[39m [1mdist/index.js     [22m[32m6.39 KB[39m
[32mCJS[39m [1mdist/index.js.map [22m[32m8.25 KB[39m
[32mCJS[39m ⚡️ Build success in 30ms
[34mDTS[39m Build start
[32mDTS[39m ⚡️ Build success in 3645ms
[32mDTS[39m [1mdist/index.d.ts  [22m[32m2.15 KB[39m
[32mDTS[39m [1mdist/index.d.mts [22m[32m2.15 KB[39m
